SH SERIES C/C++ Compiler (V.9.04.02.001)                                                         21-Sep-2024 11:42:25  PAGE    1

************ OBJECT LISTING ************

FILE NAME: C:\CasioSDK\Projects\VIMS3D\texturemap.c

SCT OFFSET   CODE       C LABEL     INSTRUCTION OPERAND    COMMENT

           texturemap          1    #include "raster.h"
           texturemap          2    #include "vec.h"
           texturemap          3    
           texturemap          4    // texture IDs in raster.h
           texturemap          5    
           texturemap          6    /*
           texturemap          7    TEXTUREMAP.C
           texturemap          8     contains the textures for raster.c
           texturemap          9     format:
           texturemap         10      2-bit pixels packed into bytes (memory limitations)
           texturemap         11      colors:
           texturemap         12          0: white
           texturemap         13          1: black
           texturemap         14          2: transparent
           texturemap         15          3: unused(currently renders as transparent)
           texturemap         16    */
           texturemap         17    
           texturemap         18    byte tx_o_white[]                             = {85,85,64,1,64,1,64,1,64,1,64,1,64,1,85,85};
           texturemap         19    byte tx_o_black[]                             = {64};
           texturemap         20    byte tx_o_checkerboard_8[]            = {68,68,17,17,68,68,17,17,68,68,17,17,68,68,17,17};
           texturemap         21    byte tx_o_checkerboard_4[]            = {17,68,17,68};
           texturemap         22    byte tx_o_stripes_b[]                 = {68,68,68,68};
           texturemap         23    byte tx_o_stripes_w[]                 = {17,17,17,17};
           texturemap         24    byte tx_o_topfilled[]                 = {64,1,64,1};
           texturemap         25    byte tx_o_tanktrack[]                 = {69,81,69,81,64,1,69,81,69,81,64,1,69,81,69,81};
           texturemap         26    byte tx_o_tankfront[]                 = {85,85,64,1,69,81,69,81,69,81,69,81,64,1,85,85};
           texturemap         27    byte tx_o_tanktop[]                           = {85,85,64,1,69,81,68,17,68,17,69,81,64,1,85,85};
           texturemap         28    
           texturemap         29    byte tx_t_transparent_square[]  = {85,85,106,169,106,169,106,169,106,169,106,169,106,169,85,85};
           texturemap         30    byte tx_t_person[]                            = {165,90,145,70,148,22,165,90,169,106,149,86,101,89,101,89,101,89,101,89,166,154,166,154,166,154,166,154,166,154,150,150};
           texturemap         31    byte tx_t_tree[]                              = {165,86,144,1,68,81,65,1,80,65,64,69,145,65,165,86,169,90,169,106,169,106,169,106,169,106,169,106,165,90,149,86};
           texturemap         32    
           texturemap         33    texture_t textures[TX_CNT] = {
           texturemap         34          {8, 8, 1, 1, tx_o_white},
           texturemap         35          {1, 1, 1, 1, tx_o_black},
           texturemap         36          {8, 8, 1, 1, tx_o_checkerboard_8},
           texturemap         37          {4, 4, 1, 1, tx_o_checkerboard_4},
           texturemap         38          {8, 2, 1, 4, tx_o_stripes_b},
           texturemap         39          {8, 2, 1, 4, tx_o_stripes_w},
           texturemap         40          {8, 2, 1, 4, tx_o_topfilled},
           texturemap         41          {8, 8, 1, 1, tx_o_tanktrack},
           texturemap         42          {8, 8, 1, 1, tx_o_tankfront},
           texturemap         43          {8, 8, 1, 1, tx_o_tanktop},
           texturemap         44          {8, 8, 1, 1, tx_t_transparent_square},
           texturemap         45          {8, 16, 1, 1, tx_t_person},
           texturemap         46          {8, 16, 1, 1, tx_t_tree}
           texturemap         47    };
D   00000000              _tx_o_white:                     ; static: tx_o_white
    00000000 5555400140             .DATA.B     H'55,H'55,H'40,H'01,H'40,H'01,H'40,H'01,H'40,H'01,H'40,H'01,H'40,H'01,H'55,H'55
             0140014001   
             4001400155   
             55           
    00000010              _tx_o_black:                     ; static: tx_o_black
    00000010 40                     .DATA.B     H'40
    00000011              _tx_o_checkerboard_8:            ; static: tx_o_checkerboard_8
    00000011 4444111144             .DATA.B     H'44,H'44,H'11,H'11,H'44,H'44,H'11,H'11,H'44,H'44,H'11,H'11,H'44,H'44,H'11,H'11
             4411114444   
             1111444411   
             11           
    00000021              _tx_o_checkerboard_4:            ; static: tx_o_checkerboard_4
    00000021 11441144               .DATA.B     H'11,H'44,H'11,H'44
    00000025              _tx_o_stripes_b:                 ; static: tx_o_stripes_b
    00000025 44444444               .DATA.B     H'44,H'44,H'44,H'44
    00000029              _tx_o_stripes_w:                 ; static: tx_o_stripes_w
    00000029 11111111               .DATA.B     H'11,H'11,H'11,H'11
    0000002D              _tx_o_topfilled:                 ; static: tx_o_topfilled
    0000002D 40014001               .DATA.B     H'40,H'01,H'40,H'01
    00000031              _tx_o_tanktrack:                 ; static: tx_o_tanktrack
    00000031 4551455140             .DATA.B     H'45,H'51,H'45,H'51,H'40,H'01,H'45,H'51,H'45,H'51,H'40,H'01,H'45,H'51,H'45,H'51
             0145514551   
             4001455145   
             51           
    00000041              _tx_o_tankfront:                 ; static: tx_o_tankfront
    00000041 5555400145             .DATA.B     H'55,H'55,H'40,H'01,H'45,H'51,H'45,H'51,H'45,H'51,H'45,H'51,H'40,H'01,H'55,H'55
             5145514551   
             4551400155   
             55           
    00000051              _tx_o_tanktop:                   ; static: tx_o_tanktop
    00000051 5555400145             .DATA.B     H'55,H'55,H'40,H'01,H'45,H'51,H'44,H'11,H'44,H'11,H'45,H'51,H'40,H'01,H'55,H'55
             5144114411   
             4551400155   
             55           
    00000061              _tx_t_transparent_square:        ; static: tx_t_transparent_square
    00000061 55556AA96A             .DATA.B     H'55,H'55,H'6A,H'A9,H'6A,H'A9,H'6A,H'A9,H'6A,H'A9,H'6A,H'A9,H'6A,H'A9,H'55,H'55
             A96AA96AA9   
             6AA96AA955   
             55           
    00000071              _tx_t_person:                    ; static: tx_t_person
    00000071 A55A914694             .DATA.B     H'A5,H'5A,H'91,H'46,H'94,H'16,H'A5,H'5A,H'A9,H'6A,H'95,H'56,H'65,H'59,H'65,H'59,
             16A55AA96A +                       H'65,H'59,H'65,H'59,H'A6,H'9A,H'A6,H'9A,H'A6,H'9A,H'A6,H'9A,H'A6,H'9A,H'96,H'96
             9556655965   
             5965596559   
             A69AA69AA6   
             9AA69AA69A   
             9696         
    00000091              _tx_t_tree:                      ; static: tx_t_tree
    00000091 A556900144             .DATA.B     H'A5,H'56,H'90,H'01,H'44,H'51,H'41,H'01,H'50,H'41,H'40,H'45,H'91,H'41,H'A5,H'56,
             5141015041 +                       H'A9,H'5A,H'A9,H'6A,H'A9,H'6A,H'A9,H'6A,H'A9,H'6A,H'A9,H'6A,H'A5,H'5A,H'95,H'56
             40459141A5   
             56A95AA96A   
             A96AA96AA9   
             6AA96AA55A   
             9556         
    000000B1 00000001               .RES.B      1
    000000B2 00000002               .RES.W      1
    000000B4              _textures:                       ; static: textures
    000000B4 0808                   .DATA.B     H'08,H'08
    000000B6 00                     .DATAB.B    2,0
    000000B8 11000000               .DATA.L     H'11000000
    000000BC <00000000>   
                                    .DATA.L     _tx_o_white
    000000C0 0101                   .DATA.B     H'01,H'01
    000000C2 00                     .DATAB.B    2,0
    000000C4 11000000               .DATA.L     H'11000000
    000000C8 <00000000>   
                                    .DATA.L     _tx_o_black
    000000CC 0808                   .DATA.B     H'08,H'08
    000000CE 00                     .DATAB.B    2,0
    000000D0 11000000               .DATA.L     H'11000000
    000000D4 <00000000>   
                                    .DATA.L     _tx_o_checkerboard_8
    000000D8 0404                   .DATA.B     H'04,H'04
    000000DA 00                     .DATAB.B    2,0
    000000DC 11000000               .DATA.L     H'11000000
    000000E0 <00000000>   
                                    .DATA.L     _tx_o_checkerboard_4
    000000E4 0802                   .DATA.B     H'08,H'02
    000000E6 00                     .DATAB.B    2,0
    000000E8 14000000               .DATA.L     H'14000000
    000000EC <00000000>   
                                    .DATA.L     _tx_o_stripes_b
    000000F0 0802                   .DATA.B     H'08,H'02
    000000F2 00                     .DATAB.B    2,0
    000000F4 14000000               .DATA.L     H'14000000
    000000F8 <00000000>   
                                    .DATA.L     _tx_o_stripes_w
    000000FC 0802                   .DATA.B     H'08,H'02
    000000FE 00                     .DATAB.B    2,0
    00000100 14000000               .DATA.L     H'14000000
    00000104 <00000000>   
                                    .DATA.L     _tx_o_topfilled
    00000108 0808                   .DATA.B     H'08,H'08
    0000010A 00                     .DATAB.B    2,0
    0000010C 11000000               .DATA.L     H'11000000
    00000110 <00000000>   
                                    .DATA.L     _tx_o_tanktrack
    00000114 0808                   .DATA.B     H'08,H'08
    00000116 00                     .DATAB.B    2,0
    00000118 11000000               .DATA.L     H'11000000
    0000011C <00000000>   
                                    .DATA.L     _tx_o_tankfront
    00000120 0808                   .DATA.B     H'08,H'08
    00000122 00                     .DATAB.B    2,0
    00000124 11000000               .DATA.L     H'11000000
    00000128 <00000000>   
                                    .DATA.L     _tx_o_tanktop
    0000012C 0808                   .DATA.B     H'08,H'08
    0000012E 00                     .DATAB.B    2,0
    00000130 11000000               .DATA.L     H'11000000
    00000134 <00000000>   
                                    .DATA.L     _tx_t_transparent_square
    00000138 0810                   .DATA.B     H'08,H'10
    0000013A 00                     .DATAB.B    2,0
    0000013C 11000000               .DATA.L     H'11000000
    00000140 <00000000>   
                                    .DATA.L     _tx_t_person
    00000144 0810                   .DATA.B     H'08,H'10
    00000146 00                     .DATAB.B    2,0
    00000148 11000000               .DATA.L     H'11000000
    0000014C <00000000>   
                                    .DATA.L     _tx_t_tree
SH SERIES C/C++ Compiler (V.9.04.02.001)                                                         21-Sep-2024 11:42:25  PAGE    1


******** STATISTICS INFORMATION ********


********** ERROR INFORMATION ***********

NUMBER OF ERRORS:           0
NUMBER OF WARNINGS:         0




******* SOURCE LINE INFORMATION ********

COMPILED SOURCE LINE:       47



******* SECTION SIZE INFORMATION *******

PROGRAM  SECTION (P):                                 00000000 Byte(s)
CONSTANT SECTION (C):                                 00000000 Byte(s)
DATA     SECTION (D):                                 00000150 Byte(s)
BSS      SECTION (B):                                 00000000 Byte(s)

TOTAL PROGRAM  SECTION: 00000000 Byte(s)
TOTAL CONSTANT SECTION: 00000000 Byte(s)
TOTAL DATA     SECTION: 00000150 Byte(s)
TOTAL BSS      SECTION: 00000000 Byte(s)

    TOTAL PROGRAM SIZE: 00000150 Byte(s)



********** LABEL INFORMATION ***********

NUMBER OF EXTERNAL REFERENCE SYMBOLS:            0
NUMBER OF EXTERNAL DEFINITION SYMBOLS:          14
NUMBER OF INTERNAL/EXTERNAL SYMBOLS:            14



*** COMMAND PARAMETER ***

-subcommand=C:\Users\csani\AppData\Local\Temp\hmk3AD9.tmp
-cpu=sh3
-include="C:\CasioSDK\OS\FX\include","C:\CasioSDK\Projects\VIMS3D"
-objectfile="C:\CasioSDK\Projects\VIMS3D\Debug\texturemap.obj"
-show=source
-listfile="C:\CasioSDK\Projects\VIMS3D\Debug\texturemap.lst"
-size
-inline
-chgincpath
-errorpath
"C:\CasioSDK\Projects\VIMS3D\texturemap.c"
-lang=c
-nologo
-debug
